============================= test session starts =============================
platform win32 -- Python 3.13.1, pytest-8.3.5, pluggy-1.6.0 -- C:\Users\angel\.ai-navigator\micromamba\envs\cpu\python.exe
cachedir: .pytest_cache
rootdir: C:\Users\angel\thermopyl
configfile: pyproject.toml
plugins: cov-6.1.1, progress-1.3.0
collecting ... collected 13 items

thermopyl/tests/test_full_files.py::test_real_file_alloy_output PASSED   [  7%]
thermopyl/tests/test_thermolib.py::test_count PASSED                     [ 15%]
thermopyl/tests/test_thermolib.py::test_count_atoms_in_set PASSED        [ 23%]
thermopyl/tests/test_thermolib.py::test_formula_to_element_counts PASSED [ 30%]
thermopyl/tests/test_thermolib.py::test_build_pandas_dataframe PASSED    [ 38%]
thermopyl/tests/test_thermolib.py::test_schema_validation PASSED         [ 46%]
thermopyl/tests/test_thermolib.py::test_compound_parsing PASSED          [ 53%]
thermopyl/tests/test_thermolib.py::test_long_format_output PASSED        [ 61%]
thermopyl/tests/test_thermolib.py::test_malformed_handling PASSED        [ 69%]
thermopyl/tests/test_thermolib.py::test_all_thermoml_files_validate PASSED [ 76%]
thermopyl/tests/test_thermolib.py::test_alloy_composition_normalization PASSED [ 84%]
thermopyl/tests/test_thermolib.py::test_incomplete_mole_fractions_backfill PASSED [ 92%]
thermopyl/tests/test_thermolib.py::test_variable_disambiguation_labels PASSED [100%]

============================== warnings summary ===============================
thermopyl/tests/test_thermolib.py::test_build_pandas_dataframe
  c:\Users\angel\thermopyl\thermopyl\tests\test_thermolib.py:57: PerformanceWarning: 
  your performance may suffer as PyTables will pickle object types that it cannot
  map directly to c-types [inferred_type->mixed,key->block0_values] [items->Index(['material_id', 'components', 'active_components', 'var_Temperature, K', 'var_Pressure, kPa', 'prop_Mass density, kg/m3', 'prop_Viscosity, Pa*s', 'var_Mole fraction', 'var_Solvent: Mole fraction', 'var_Mass fraction', 'prop_unknown', 'prop_Thermal conductivity, W/m/K'], dtype='object')]
  
    data.to_hdf(os.path.join(tmpdir, 'data.h5'), key='data')

-- Docs: https://docs.pytest.org/en/stable/how-to/capture-warnings.html
======================= 13 passed, 1 warning in 13.26s ========================
